// Jest Snapshot v1, https://goo.gl/fbAQLP

exports[`deep snapshot 1`] = `
<div
  style={
    Object {
      "height": 600,
      "margin": "auto",
      "width": "90%",
    }
  }
>
  <h3>
    a graph
  </h3>
</div>
`;

exports[`shallow snapshot 1`] = `
<div
  style={
    {
      "height": 600,
      "margin": "auto",
      "width": "90%",
    }
  }
>
  <h3>
    a graph
  </h3>
  <Memo
    checkboxSelection={true}
    columns={
      [
        {
          "align": "center",
          "editable": true,
          "field": "datetime",
          "headerAlign": "center",
          "headerName": "Datetime Stamp",
          "width": 220,
        },
        {
          "align": "center",
          "editable": true,
          "field": "number",
          "headerAlign": "center",
          "headerName": "Value",
          "width": 150,
        },
      ]
    }
    components={
      {
        "Toolbar": [Function],
      }
    }
    disableSelectionOnClick={true}
    getRowId={[Function]}
    onSelectionModelChange={[Function]}
    pageSize={20}
    rows={
      [
        {
          "datetime": "1999-12-31T23:59:59.000Z",
          "number": 1,
        },
        {
          "datetime": "2000-01-02T00:00:00.000Z",
          "number": 2,
        },
      ]
    }
    rowsPerPageOptions={
      [
        20,
      ]
    }
  />
</div>
`;
